
Memory Configuration

Name             Origin             Length             Attributes
ram              0x80000000         0x00500000         xrw
*default*        0x00000000         0xffffffff

Linker script and memory map

                0x00000000                __DYNAMIC=0x0
                0x00400000                PROVIDE (__stack, 0x400000)
                0x00000000                PROVIDE (hardware_init_hook, 0x0)
                0x00000000                PROVIDE (_hardware_init_hook, 0x0)
                0x00000000                PROVIDE (software_init_hook, 0x0)
                0x00000000                PROVIDE (_software_init_hook, 0x0)

.text           0x80000000    0x49e30
 *(.text)
 .text          0x80000000      0xe48 S2_Knob_Acceleration__Pkt_.o
                0x80000974                S2_Knob_Acceleration__Pkt__main
                0x80000602                S2_Knob_Acceleration__Pkt_EventHandler00000
                0x80000896                S2_Knob_Acceleration__Pkt__EventHandler
 .text          0x80000e48     0x2520 S2_AES_OOTBF_Source_Mode_v1_1.o
                0x8000153e                S2_AES_OOTBF_Source_Mode_v1_1EventHandler00000
                0x80003040                S2_AES_OOTBF_Source_Mode_v1_1_main
                0x8000216a                S2_AES_OOTBF_Source_Mode_v1_1EventHandler00004
                0x80001afc                S2_AES_OOTBF_Source_Mode_v1_1EventHandler00002
                0x80002f28                S2_AES_OOTBF_Source_Mode_v1_1_EventHandler
                0x8000326e                S2_AES_OOTBF_Source_Mode_v1_1EventHandler00008
                0x800031a6                S2_AES_OOTBF_Source_Mode_v1_1EventHandler00007
                0x80002442                S2_AES_OOTBF_Source_Mode_v1_1EventHandler00005
                0x80002c08                S2_AES_OOTBF_Source_Mode_v1_1EventHandler00009
                0x80002866                S2_AES_OOTBF_Source_Mode_v1_1EventHandler00006
                0x800018de                S2_AES_OOTBF_Source_Mode_v1_1EventHandler00001
                0x80001d1a                S2_AES_OOTBF_Source_Mode_v1_1EventHandler00003
 .text          0x80003368     0xa81e S2_AES_OOTBF_Room_Mode_v1_2.o
                0x8000d2fa                S2_AES_OOTBF_Room_Mode_v1_2_main
                0x8000d990                S2_AES_OOTBF_Room_Mode_v1_2EventHandler0000F
                0x800078b6                S2_AES_OOTBF_Room_Mode_v1_2EventHandler00003
                0x8000c11e                S2_AES_OOTBF_Room_Mode_v1_2EventHandler0000E
                0x8000b148                S2_AES_OOTBF_Room_Mode_v1_2EventHandler00006
                0x8000d18a                S2_AES_OOTBF_Room_Mode_v1_2_EventHandler
                0x8000d8b6                S2_AES_OOTBF_Room_Mode_v1_2SOURCECONTROLWAIT
                0x8000daa2                S2_AES_OOTBF_Room_Mode_v1_2EventHandler00010
                0x8000b59e                S2_AES_OOTBF_Room_Mode_v1_2EventHandler00008
                0x80006d6e                S2_AES_OOTBF_Room_Mode_v1_2EventHandler00000
                0x8000a894                S2_AES_OOTBF_Room_Mode_v1_2EventHandler00004
                0x8000bb16                S2_AES_OOTBF_Room_Mode_v1_2EventHandler0000C
                0x8000b28e                S2_AES_OOTBF_Room_Mode_v1_2EventHandler00007
                0x8000d8f4                S2_AES_OOTBF_Room_Mode_v1_2EventHandler0000D
                0x8000b820                S2_AES_OOTBF_Room_Mode_v1_2EventHandler0000A
                0x8000c294                S2_AES_OOTBF_Room_Mode_v1_2EventHandler00011
                0x8000b6ec                S2_AES_OOTBF_Room_Mode_v1_2EventHandler00009
                0x800070c0                S2_AES_OOTBF_Room_Mode_v1_2EventHandler00001
                0x80007418                S2_AES_OOTBF_Room_Mode_v1_2EventHandler00002
                0x8000aec4                S2_AES_OOTBF_Room_Mode_v1_2EventHandler00005
                0x8000b9a8                S2_AES_OOTBF_Room_Mode_v1_2EventHandler0000B
 *fill*         0x8000db86        0x2
 .text          0x8000db88      0xd1a S2_Knob_Acceleration__Sleep_Timer__v1_0.o
                0x8000e3ce                S2_Knob_Acceleration__Sleep_Timer__v1_0_main
                0x8000e05c                S2_Knob_Acceleration__Sleep_Timer__v1_0EventHandler00000
                0x8000e2f0                S2_Knob_Acceleration__Sleep_Timer__v1_0_EventHandler
 *fill*         0x8000e8a2        0x2
 .text          0x8000e8a4      0x6fa S2_Adagio_Group_Editor_v1_0_1.o
                0x8000eb80                S2_Adagio_Group_Editor_v1_0_1EventHandler00001
                0x8000e8a4                S2_Adagio_Group_Editor_v1_0_1EventHandler00000
                0x8000ee14                S2_Adagio_Group_Editor_v1_0_1_EventHandler
                0x8000eef2                S2_Adagio_Group_Editor_v1_0_1_main
 *fill*         0x8000ef9e        0x2
 .text          0x8000efa0     0x1156 S2_AES_OOTBF_Group_Source_Selector_v1_0.o
                0x8000f98c                S2_AES_OOTBF_Group_Source_Selector_v1_0EventHandler00003
                0x8000fefe                S2_AES_OOTBF_Group_Source_Selector_v1_0_EventHandler
                0x800100ac                S2_AES_OOTBF_Group_Source_Selector_v1_0EventHandler00001
                0x8000f4fa                S2_AES_OOTBF_Group_Source_Selector_v1_0EventHandler00000
                0x8000fc70                S2_AES_OOTBF_Group_Source_Selector_v1_0EventHandler00005
                0x8000fafe                S2_AES_OOTBF_Group_Source_Selector_v1_0EventHandler00004
                0x8000f81c                S2_AES_OOTBF_Group_Source_Selector_v1_0EventHandler00002
                0x8000ffdc                S2_AES_OOTBF_Group_Source_Selector_v1_0_main
 *fill*         0x800100f6        0x2
 .text          0x800100f8     0x1eba S2_APAD_Text_Edit.o
                0x80010b80                S2_APAD_Text_EditEventHandler00005
                0x80011bea                S2_APAD_Text_EditEventHandler00002
                0x80011818                S2_APAD_Text_Edit_EventHandler
                0x80011eea                S2_APAD_Text_EditEventHandler0000C
                0x80011eae                S2_APAD_Text_EditEventHandler0000B
                0x80011144                S2_APAD_Text_EditEventHandler00007
                0x8001094a                S2_APAD_Text_EditEventHandler00004
                0x80010e2c                S2_APAD_Text_EditEventHandler00006
                0x800118e4                S2_APAD_Text_Edit_main
                0x80011b4a                S2_APAD_Text_EditEventHandler00001
                0x80011e72                S2_APAD_Text_EditEventHandler0000A
                0x80011cb2                S2_APAD_Text_EditEventHandler00003
                0x80011d6a                S2_APAD_Text_EditEventHandler00008
                0x8001152a                S2_APAD_Text_EditEventHandler00009
                0x80011aaa                S2_APAD_Text_EditEventHandler00000
 *fill*         0x80011fb2        0x2
 .text          0x80011fb4      0x744 S2_AADS_OOTBF_Text_Scroller_v1.o
                0x80011fb4                S2_AADS_OOTBF_Text_Scroller_v1STOPSCROLLWAIT
                0x8001255a                S2_AADS_OOTBF_Text_Scroller_v1_EventHandler
                0x8001236c                S2_AADS_OOTBF_Text_Scroller_v1EventHandler00001
                0x800120b4                S2_AADS_OOTBF_Text_Scroller_v1EventHandler00000
                0x80012638                S2_AADS_OOTBF_Text_Scroller_v1STARTSCROLLWAIT
                0x80012684                S2_AADS_OOTBF_Text_Scroller_v1_main
 .text          0x800126f8     0x382c S2_AES_Installer_Tools_Small_v1_1.o
                0x800158ee                S2_AES_Installer_Tools_Small_v1_1EventHandler00004
                0x80015e00                S2_AES_Installer_Tools_Small_v1_1EventHandler00000
                0x800155c4                S2_AES_Installer_Tools_Small_v1_1EventHandler00002
                0x80015e90                S2_AES_Installer_Tools_Small_v1_1EventHandler00005
                0x80015c0e                S2_AES_Installer_Tools_Small_v1_1_main
                0x8001574a                S2_AES_Installer_Tools_Small_v1_1EventHandler00003
                0x80015b6e                S2_AES_Installer_Tools_Small_v1_1_EventHandler
                0x80015eda                S2_AES_Installer_Tools_Small_v1_1EventHandler00006
                0x80015426                S2_AES_Installer_Tools_Small_v1_1EventHandler00001
 .text          0x80015f24     0x2202 S2_Adagio_System_Info_v1_1.o
                0x80015f24                S2_Adagio_System_Info_v1_1EventHandler00000
                0x80017ec8                S2_Adagio_System_Info_v1_1_EventHandler
                0x80018056                S2_Adagio_System_Info_v1_1_main
                0x80017fa2                S2_Adagio_System_Info_v1_1__SPLS_TMPVAR__WAITLABEL_0__
                0x800161c2                S2_Adagio_System_Info_v1_1EventHandler00001
 *fill*         0x80018126        0x2
 .text          0x80018128     0xd7ec S2_Installer_Tools___AudioNet_Setup_v4.o
                0x80025772                S2_Installer_Tools___AudioNet_Setup_v4EventHandler00008
                0x8002555a                S2_Installer_Tools___AudioNet_Setup_v4_STACK_Constructor
                0x8001e86a                S2_Installer_Tools___AudioNet_Setup_v4EventHandler00004
                0x800244c4                S2_Installer_Tools___AudioNet_Setup_v4EventHandler0000C
                0x80025608                S2_Installer_Tools___AudioNet_Setup_v4RETRIEVINGWAIT
                0x80024a5e                S2_Installer_Tools___AudioNet_Setup_v4EventHandler0000E
                0x80021ab6                S2_Installer_Tools___AudioNet_Setup_v4EventHandler00005
                0x800256ac                S2_Installer_Tools___AudioNet_Setup_v4EventHandler00007
                0x80025656                S2_Installer_Tools___AudioNet_Setup_v4EventHandler00001
                0x8001e586                S2_Installer_Tools___AudioNet_Setup_v4EventHandler00002
                0x800258ca                S2_Installer_Tools___AudioNet_Setup_v4EventHandler0000D
                0x80025564                S2_Installer_Tools___AudioNet_Setup_v4_STACK_Destructor
                0x80024cda                S2_Installer_Tools___AudioNet_Setup_v4_EventHandler
                0x8001e6fc                S2_Installer_Tools___AudioNet_Setup_v4EventHandler00003
                0x80022922                S2_Installer_Tools___AudioNet_Setup_v4EventHandler00009
                0x80024e4c                S2_Installer_Tools___AudioNet_Setup_v4_main
                0x80021d0e                S2_Installer_Tools___AudioNet_Setup_v4EventHandler00006
                0x8002424a                S2_Installer_Tools___AudioNet_Setup_v4EventHandler0000B
                0x8002556e                S2_Installer_Tools___AudioNet_Setup_v4__SPLS_TMPVAR__WAITLABEL_0__
                0x8001e3da                S2_Installer_Tools___AudioNet_Setup_v4EventHandler00000
                0x800257f2                S2_Installer_Tools___AudioNet_Setup_v4EventHandler0000A
 .text          0x80025914     0x2198 S2_Installer_Tools___Network___Hostname_Edit_v2.o
                0x80026162                S2_Installer_Tools___Network___Hostname_Edit_v2EventHandler00000
                0x80026c70                S2_Installer_Tools___Network___Hostname_Edit_v2EventHandler00007
                0x8002776c                S2_Installer_Tools___Network___Hostname_Edit_v2EventHandler00008
                0x80027906                S2_Installer_Tools___Network___Hostname_Edit_v2EventHandler0000C
                0x800279c4                S2_Installer_Tools___Network___Hostname_Edit_v2EventHandler0000D
                0x8002741e                S2_Installer_Tools___Network___Hostname_Edit_v2_main
                0x8002704a                S2_Installer_Tools___Network___Hostname_Edit_v2EventHandler00009
                0x800276d4                S2_Installer_Tools___Network___Hostname_Edit_v2EventHandler00003
                0x80026416                S2_Installer_Tools___Network___Hostname_Edit_v2EventHandler00004
                0x800262bc                S2_Installer_Tools___Network___Hostname_Edit_v2EventHandler00001
                0x80027338                S2_Installer_Tools___Network___Hostname_Edit_v2_EventHandler
                0x800268a0                S2_Installer_Tools___Network___Hostname_Edit_v2EventHandler00006
                0x800278ca                S2_Installer_Tools___Network___Hostname_Edit_v2EventHandler0000B
                0x8002788e                S2_Installer_Tools___Network___Hostname_Edit_v2EventHandler0000A
                0x80026678                S2_Installer_Tools___Network___Hostname_Edit_v2EventHandler00005
                0x80027612                S2_Installer_Tools___Network___Hostname_Edit_v2EventHandler00002
 .text          0x80027aac     0x131c S2_Adagio_OOTBF_Group_Evaluator_v1.o
                0x80028bc4                S2_Adagio_OOTBF_Group_Evaluator_v1_EventHandler
                0x80028d7e                S2_Adagio_OOTBF_Group_Evaluator_v1EventHandler00000
                0x80028c9a                S2_Adagio_OOTBF_Group_Evaluator_v1_main
 .text          0x80028dc8     0xff9a S2_AES_OOTBF_XML_Functions_v2_0_0.o
                0x80038b1c                S2_AES_OOTBF_XML_Functions_v2_0_0_SYSTEM_Constructor
                0x800381b6                S2_AES_OOTBF_XML_Functions_v2_0_0_EventHandler
                0x80038b08                S2_AES_OOTBF_XML_Functions_v2_0_0_DEVICE_Constructor
                0x8003838c                S2_AES_OOTBF_XML_Functions_v2_0_0_main
                0x80038a56                S2_AES_OOTBF_XML_Functions_v2_0_0_SOURCE_Constructor
                0x8003765e                S2_AES_OOTBF_XML_Functions_v2_0_0EventHandler00001
                0x80038aae                S2_AES_OOTBF_XML_Functions_v2_0_0_SOURCE_Destructor
                0x80038c8a                S2_AES_OOTBF_XML_Functions_v2_0_0EventHandler00006
                0x80038b12                S2_AES_OOTBF_XML_Functions_v2_0_0_DEVICE_Destructor
                0x80038b6e                S2_AES_OOTBF_XML_Functions_v2_0_0_INTERFACE_Destructor
                0x80038ab8                S2_AES_OOTBF_XML_Functions_v2_0_0_GROUP_Constructor
                0x80038b44                S2_AES_OOTBF_XML_Functions_v2_0_0_SYSTEM_Destructor
                0x80037f8a                S2_AES_OOTBF_XML_Functions_v2_0_0EventHandler00005
                0x80037b88                S2_AES_OOTBF_XML_Functions_v2_0_0EventHandler00003
                0x80038a4c                S2_AES_OOTBF_XML_Functions_v2_0_0_ROOM_Destructor
                0x80038b4e                S2_AES_OOTBF_XML_Functions_v2_0_0_INTERFACE_Constructor
                0x80037e46                S2_AES_OOTBF_XML_Functions_v2_0_0EventHandler00004
                0x80038afe                S2_AES_OOTBF_XML_Functions_v2_0_0_GROUP_Destructor
                0x80037934                S2_AES_OOTBF_XML_Functions_v2_0_0EventHandler00002
                0x80038a0a                S2_AES_OOTBF_XML_Functions_v2_0_0_ROOM_Constructor
                0x80038b78                S2_AES_OOTBF_XML_Functions_v2_0_0EventHandler00000
 *fill*         0x80038d62        0x2
 .text          0x80038d64     0x13ce S2_Adagio_OOTBF_Priority_Processor_v1.o
                0x80039e92                S2_Adagio_OOTBF_Priority_Processor_v1_EventHandler
                0x80039fea                S2_Adagio_OOTBF_Priority_Processor_v1_main
                0x80038eea                S2_Adagio_OOTBF_Priority_Processor_v1EventHandler00000
                0x80039886                S2_Adagio_OOTBF_Priority_Processor_v1EventHandler00003
                0x800392f8                S2_Adagio_OOTBF_Priority_Processor_v1EventHandler00002
                0x800391fa                S2_Adagio_OOTBF_Priority_Processor_v1EventHandler00001
 *fill*         0x8003a132        0x2
 .text          0x8003a134      0xd24 S2_Multiple_Now_Playing_Combiner__10__v2.o
                0x8003ac3c                S2_Multiple_Now_Playing_Combiner__10__v2EventHandler00000
                0x8003a9d4                S2_Multiple_Now_Playing_Combiner__10__v2_main
                0x8003acb4                S2_Multiple_Now_Playing_Combiner__10__v2EventHandler00001
                0x8003ada4                S2_Multiple_Now_Playing_Combiner__10__v2EventHandler00003
                0x8003ad2c                S2_Multiple_Now_Playing_Combiner__10__v2EventHandler00002
                0x8003a88c                S2_Multiple_Now_Playing_Combiner__10__v2_EventHandler
 .text          0x8003ae58     0x35e6 S2_ATC_Audionet_System_Info_v1_3.o
                0x8003e2d6                S2_ATC_Audionet_System_Info_v1_3EventHandler00005
                0x8003dfc8                S2_ATC_Audionet_System_Info_v1_3PEERIPIDWAIT
                0x8003b22a                S2_ATC_Audionet_System_Info_v1_3EventHandler00000
                0x8003e0ba                S2_ATC_Audionet_System_Info_v1_3EventHandler00002
                0x8003b67c                S2_ATC_Audionet_System_Info_v1_3EventHandler00001
                0x8003e222                S2_ATC_Audionet_System_Info_v1_3EventHandler00004
                0x8003dd0a                S2_ATC_Audionet_System_Info_v1_3_main
                0x8003e38a                S2_ATC_Audionet_System_Info_v1_3EventHandler00006
                0x8003e16e                S2_ATC_Audionet_System_Info_v1_3EventHandler00003
                0x8003d7fe                S2_ATC_Audionet_System_Info_v1_3EventHandler00008
                0x8003e006                S2_ATC_Audionet_System_Info_v1_3__SPLS_TMPVAR__WAITLABEL_0__
                0x8003d49a                S2_ATC_Audionet_System_Info_v1_3EventHandler00007
                0x8003dc60                S2_ATC_Audionet_System_Info_v1_3_EventHandler
                0x8003df8a                S2_ATC_Audionet_System_Info_v1_3PEERIPADDRESSWAIT
 *fill*         0x8003e43e        0x2
 .text          0x8003e440     0x5836 library.o
                0x8004262c                RotateRightLong
                0x80042c3a                IsSystem
                0x80042590                Seed
                0x8003fe88                Remove
                0x8004220c                Ltoa
                0x80041f38                Atoi
                0x800412a0                InitRampInfoArray
                0x800429e6                Right
                0x80043a16                LockInputSema
                0x800424ba                Mod
                0x800426a2                Getc
                0x800423ee                SMuldiv
                0x80042c1c                IsHidden
                0x800422d2                Min
                0x8004382a                hextosi
                0x80042dc0                WriteIntegerArray
                0x80043336                GetSignedIntArrayElementPtr
                0x80041c5a                CheckStructArray
                0x8004383e                hextosl
                0x80042f46                WriteSignedIntegerArray
                0x80041922                InitStringParamArray
                0x80040bf4                ReadSignedLongIntegerArray
                0x8003fb16                GatherToDelimiter
                0x80041746                InitStringArray
                0x800422ac                Max
                0x80042c76                IsReadOnly
                0x800423b6                SMax
                0x8003fcba                GatherByLength
                0x80042146                Chr
                0x80042d98                ReadSignedLongInteger
                0x800421c4                Itohex
                0x80041bcc                GetStructArrayElement
                0x80041ec0                UNS_SetByte
                0x800429ba                ReverseFindi
                0x8004109c                ReadStringArray
                0x80043146                GetIntArrayElementPtr
                0x800427f6                Lower
                0x800425ac                RotateLeft
                0x8004395e                ResizeIfAutogrow
                0x800413cc                CheckInputArray
                0x8003e9ae                ResizeStringArray
                0x800420d8                Atosl
                0x80041f00                High
                0x8004255c                Rnd
                0x8004247e                UMod
                0x80042602                RotateLeftLong
                0x80043a8a                FindNumericChar
                0x8004358e                CheckIOArrayBounds2
                0x80042bd4                MakeProgramFilename
                0x800423d2                SMin
                0x8004272a                Left
                0x8004266c                CheckBufferThreshold
                0x80042d50                ReadSignedInteger
                0x80041f2a                LowWord
                0x8003e440                Bit
                0x80042d00                ReadLongInteger
                0x80041d3e                Byte
                0x8004323e                GetLongArrayElementPtr
                0x8004298c                ReverseFind
                0x80042bea                GetSeries
                0x80043b56                InitTcpServer
                0x800427de                Len
                0x8004365e                InitializeRampInfoInternal
                0x800422f8                Divide
                0x80042044                Atol
                0x80042be0                GetModelNumber
                0x80043526                CheckIOArrayBounds
                0x80041426                CheckStringInputArray
                0x80043008                WriteSignedLongIntegerArray
                0x80041b16                GetStringArrayElement
                0x80042250                Ltohex
                0x8004217c                Itoa
                0x800425d6                RotateRight
                0x80040176                InternalReverseFind
                0x80042ce0                WriteLongInteger
                0x8004164a                InitDynamicStringStruct
                0x8004153c                SetStringArray
                0x800409d2                ReadSignedIntegerArray
                0x80041480                SetOutputArray
                0x80042c90                WriteInteger
                0x80041aaa                InitStructDynamicArray
                0x80040400                SetString
                0x800424f6                Random
                0x80042d28                WriteSignedInteger
                0x8003e6a4                Find
                0x80042bf4                GetProgramNumber
                0x800428ca                Mid
                0x80043ac8                InitTcpClient
                0x8003f592                ResizeStructArray
                0x8004342e                GetSignedLongArrayElementPtr
                0x80043850                hextol
                0x80040e16                ReadString
                0x800417dc                InitDynamicStringArray
                0x80043936                UpperChar
                0x80041fd4                Atosi
                0x80042cb8                ReadInteger
                0x8004236a                Muldiv
                0x800414ee                SetStringOutputArray
                0x800430cc                WriteString
                0x8003f006                ResizeIntegerArray
                0x80041394                InitInOutArray
                0x800419ea                InitNvramStringArray
                0x80042294                Abs
                0x8004243a                SDivide
                0x80040590                ReadIntegerArray
                0x8003e550                CompareStrings
                0x8004390e                LowerChar
                0x80043be6                InitUdpSocket
                0x80042654                ClearBuffer
                0x80042aa2                Upper
                0x80041a86                InitStructArray
                0x80042b78                MakeLower
                0x80042c58                IsVolume
                0x8003ffe2                RemoveByLength
                0x80041cd6                CheckStringOutputArrayIndex
                0x80042e82                WriteLongIntegerArray
                0x8004370a                InitRampInfoStructArray
                0x80041f1c                HighWord
                0x8003e818                ResizeString
                0x80042bfe                IsDirectory
                0x800407b0                ReadLongIntegerArray
                0x80041f0e                Low
                0x8003f9bc                Gather
                0x80042ba6                MakeUpper
                0x8004160c                InitStringStruct
                0x800435f6                CheckStringArrayBounds
                0x8004233c                CheckDenominator
                0x80043812                hextoi
                0x80040f34                WriteStringArray
                0x80041dfe                SetByte
                0x800436b4                InitializeRampInfo
                0x80043a50                UnLockInputSema
                0x80042d78                WriteSignedLongInteger
                0x800416fe                InitNvramStringStruct
 *fill*         0x80043c76        0xa
                0x80043c80                .=ALIGN(0x10)
 *(.eh_frame)
                0x80043c80                .=ALIGN(0x10)
 *(.gnu.linkonce.t.*)
                0x80043c80                .=ALIGN(0x4)
                0x80043c80                __CTOR_LIST__=.
                0x80043c80                ___CTOR_LIST__=.
                0x80043c80        0x4 LONG 0x0 (((__CTOR_END__-__CTOR_LIST__)/0x4)-0x2)
 *(.ctors)
                0x80043c84        0x4 LONG 0x0
                0x80043c88                __CTOR_END__=.
                0x80043c88                __DTOR_LIST__=.
                0x80043c88                ___DTOR_LIST__=.
                0x80043c88        0x4 LONG 0x0 (((__DTOR_END__-__DTOR_LIST__)/0x4)-0x2)
 *(.dtors)
                0x80043c8c        0x4 LONG 0x0
                0x80043c90                __DTOR_END__=.
 *(.rodata)
 .rodata        0x80043c90      0x3fb S2_Knob_Acceleration__Pkt_.o
 .rodata        0x8004408b      0x327 S2_AES_OOTBF_Source_Mode_v1_1.o
 .rodata        0x800443b2      0x67d S2_AES_OOTBF_Room_Mode_v1_2.o
 .rodata        0x80044a2f      0x2d2 S2_Knob_Acceleration__Sleep_Timer__v1_0.o
 .rodata        0x80044d01      0x23f S2_Adagio_Group_Editor_v1_0_1.o
 .rodata        0x80044f40      0x330 S2_AES_OOTBF_Group_Source_Selector_v1_0.o
 .rodata        0x80045270      0x3b7 S2_APAD_Text_Edit.o
 .rodata        0x80045627      0x2aa S2_AADS_OOTBF_Text_Scroller_v1.o
 .rodata        0x800458d1      0x62a S2_AES_Installer_Tools_Small_v1_1.o
 .rodata        0x80045efb      0x665 S2_Adagio_System_Info_v1_1.o
 .rodata        0x80046560      0x76f S2_Installer_Tools___AudioNet_Setup_v4.o
 .rodata        0x80046ccf      0x3b9 S2_Installer_Tools___Network___Hostname_Edit_v2.o
 .rodata        0x80047088      0x2e0 S2_Adagio_OOTBF_Group_Evaluator_v1.o
 .rodata        0x80047368     0x109f S2_AES_OOTBF_XML_Functions_v2_0_0.o
 .rodata        0x80048407      0x2dc S2_Adagio_OOTBF_Priority_Processor_v1.o
 .rodata        0x800486e3      0x395 S2_Multiple_Now_Playing_Combiner__10__v2.o
 .rodata        0x80048a78      0x750 S2_ATC_Audionet_System_Info_v1_3.o
 .rodata        0x800491c8      0xc54 library.o
 *(.gcc_except_table)
                0x80049e1c                .=ALIGN(0x2)
                0x80049e1c                __INIT_SECTION__=.
                0x80049e1c        0x4 LONG 0x4e560000
 *(.init)
                0x80049e20        0x2 SHORT 0x4e5e
                0x80049e22        0x2 SHORT 0x4e75
                0x80049e24                __FINI_SECTION__=.
                0x80049e24        0x4 LONG 0x4e560000
 *(.fini)
                0x80049e28        0x2 SHORT 0x4e5e
                0x80049e2a        0x2 SHORT 0x4e75
 *(.lit)
 *fill*         0x80049e2c        0x4
                0x80049e30                .=ALIGN(0x10)
                0x80049e30                _etext=.
                0x80049e30                etext=.

.data           0x80049e30        0x0
                0x80049e30                copy_start=.
 *(.shdata)
 *(.data)
 *(.gnu.linkonce.d.*)
                0x80049e30                .=ALIGN(0x10)
                0x80049e30                _edata=.
                0x80049e30                copy_end=.

.got
 *(.got.plt)
 *(.got)

EntryList       0x80049e30     0x1210
 *(EntryList)
 EntryList      0x80049e30      0x110 S2_Knob_Acceleration__Pkt_.o
                0x80049e30                S2_Knob_Acceleration__Pkt__Entry
 EntryList      0x80049f40      0x110 S2_AES_OOTBF_Source_Mode_v1_1.o
                0x80049f40                S2_AES_OOTBF_Source_Mode_v1_1_Entry
 EntryList      0x8004a050      0x110 S2_AES_OOTBF_Room_Mode_v1_2.o
                0x8004a050                S2_AES_OOTBF_Room_Mode_v1_2_Entry
 EntryList      0x8004a160      0x110 S2_Knob_Acceleration__Sleep_Timer__v1_0.o
                0x8004a160                S2_Knob_Acceleration__Sleep_Timer__v1_0_Entry
 EntryList      0x8004a270      0x110 S2_Adagio_Group_Editor_v1_0_1.o
                0x8004a270                S2_Adagio_Group_Editor_v1_0_1_Entry
 EntryList      0x8004a380      0x110 S2_AES_OOTBF_Group_Source_Selector_v1_0.o
                0x8004a380                S2_AES_OOTBF_Group_Source_Selector_v1_0_Entry
 EntryList      0x8004a490      0x110 S2_APAD_Text_Edit.o
                0x8004a490                S2_APAD_Text_Edit_Entry
 EntryList      0x8004a5a0      0x110 S2_AADS_OOTBF_Text_Scroller_v1.o
                0x8004a5a0                S2_AADS_OOTBF_Text_Scroller_v1_Entry
 EntryList      0x8004a6b0      0x110 S2_AES_Installer_Tools_Small_v1_1.o
                0x8004a6b0                S2_AES_Installer_Tools_Small_v1_1_Entry
 EntryList      0x8004a7c0      0x110 S2_Adagio_System_Info_v1_1.o
                0x8004a7c0                S2_Adagio_System_Info_v1_1_Entry
 EntryList      0x8004a8d0      0x110 S2_Installer_Tools___AudioNet_Setup_v4.o
                0x8004a8d0                S2_Installer_Tools___AudioNet_Setup_v4_Entry
 EntryList      0x8004a9e0      0x110 S2_Installer_Tools___Network___Hostname_Edit_v2.o
                0x8004a9e0                S2_Installer_Tools___Network___Hostname_Edit_v2_Entry
 EntryList      0x8004aaf0      0x110 S2_Adagio_OOTBF_Group_Evaluator_v1.o
                0x8004aaf0                S2_Adagio_OOTBF_Group_Evaluator_v1_Entry
 EntryList      0x8004ac00      0x110 S2_AES_OOTBF_XML_Functions_v2_0_0.o
                0x8004ac00                S2_AES_OOTBF_XML_Functions_v2_0_0_Entry
 EntryList      0x8004ad10      0x110 S2_Adagio_OOTBF_Priority_Processor_v1.o
                0x8004ad10                S2_Adagio_OOTBF_Priority_Processor_v1_Entry
 EntryList      0x8004ae20      0x110 S2_Multiple_Now_Playing_Combiner__10__v2.o
                0x8004ae20                __v2_Entry::S2_Multiple_Now_Playing_Combiner(void)
 EntryList      0x8004af30      0x110 S2_ATC_Audionet_System_Info_v1_3.o
                0x8004af30                S2_ATC_Audionet_System_Info_v1_3_Entry
                0x8004b040                .=ALIGN(0x4)

FunctionList    0x8004b040        0x4
 *(FunctionList)
 FunctionList   0x8004b040        0x4 globals.o
                0x8004b040                g_pFunctions
                0x8004b044                .=ALIGN(0x4)

.bss            0x8004b044        0x0
                0x8004b044                .=ALIGN(0x4)
                0x8004b044                __bss_start=.
 *(.shbss)
 *(.bss)
 *(COMMON)
                0x8004b048                _end=ALIGN(0x8)
                0x8004b048                __end=_end

.stab
 *(.stab)

.stabstr
 *(.stabstr)

.debug
 *(.debug)

.line
 *(.line)

.debug_srcinfo
 *(.debug_srcinfo)

.debug_sfnames
 *(.debug_sfnames)

.debug_aranges
 *(.debug_aranges)

.debug_pubnames
 *(.debug_pubnames)

.debug_info
 *(.debug_info)

.debug_abbrev
 *(.debug_abbrev)

.debug_line
 *(.debug_line)

.debug_frame
 *(.debug_frame)

.debug_str
 *(.debug_str)

.debug_loc
 *(.debug_loc)

.debug_macinfo
 *(.debug_macinfo)

.debug_weaknames
 *(.debug_weaknames)

.debug_funcnames
 *(.debug_funcnames)

.debug_typenames
 *(.debug_typenames)

.debug_varnames
 *(.debug_varnames)
LOAD S2_Knob_Acceleration__Pkt_.o
LOAD S2_AES_OOTBF_Source_Mode_v1_1.o
LOAD S2_AES_OOTBF_Room_Mode_v1_2.o
LOAD S2_Knob_Acceleration__Sleep_Timer__v1_0.o
LOAD S2_Adagio_Group_Editor_v1_0_1.o
LOAD S2_AES_OOTBF_Group_Source_Selector_v1_0.o
LOAD S2_APAD_Text_Edit.o
LOAD S2_AADS_OOTBF_Text_Scroller_v1.o
LOAD S2_AES_Installer_Tools_Small_v1_1.o
LOAD S2_Adagio_System_Info_v1_1.o
LOAD S2_Installer_Tools___AudioNet_Setup_v4.o
LOAD S2_Installer_Tools___Network___Hostname_Edit_v2.o
LOAD S2_Adagio_OOTBF_Group_Evaluator_v1.o
LOAD S2_AES_OOTBF_XML_Functions_v2_0_0.o
LOAD S2_Adagio_OOTBF_Priority_Processor_v1.o
LOAD S2_Multiple_Now_Playing_Combiner__10__v2.o
LOAD S2_ATC_Audionet_System_Info_v1_3.o
LOAD globals.o
LOAD library.o
OUTPUT(_S2_2016_04_07___01___Ferry_AES___Audio.spl elf32-m68k)

.comment        0x8004b044      0x2d2
 .comment       0x8004b044       0x26 S2_Knob_Acceleration__Pkt_.o
 .comment       0x8004b06a       0x26 S2_AES_OOTBF_Source_Mode_v1_1.o
 .comment       0x8004b090       0x26 S2_AES_OOTBF_Room_Mode_v1_2.o
 .comment       0x8004b0b6       0x26 S2_Knob_Acceleration__Sleep_Timer__v1_0.o
 .comment       0x8004b0dc       0x26 S2_Adagio_Group_Editor_v1_0_1.o
 .comment       0x8004b102       0x26 S2_AES_OOTBF_Group_Source_Selector_v1_0.o
 .comment       0x8004b128       0x26 S2_APAD_Text_Edit.o
 .comment       0x8004b14e       0x26 S2_AADS_OOTBF_Text_Scroller_v1.o
 .comment       0x8004b174       0x26 S2_AES_Installer_Tools_Small_v1_1.o
 .comment       0x8004b19a       0x26 S2_Adagio_System_Info_v1_1.o
 .comment       0x8004b1c0       0x26 S2_Installer_Tools___AudioNet_Setup_v4.o
 .comment       0x8004b1e6       0x26 S2_Installer_Tools___Network___Hostname_Edit_v2.o
 .comment       0x8004b20c       0x26 S2_Adagio_OOTBF_Group_Evaluator_v1.o
 .comment       0x8004b232       0x26 S2_AES_OOTBF_XML_Functions_v2_0_0.o
 .comment       0x8004b258       0x26 S2_Adagio_OOTBF_Priority_Processor_v1.o
 .comment       0x8004b27e       0x26 S2_Multiple_Now_Playing_Combiner__10__v2.o
 .comment       0x8004b2a4       0x26 S2_ATC_Audionet_System_Info_v1_3.o
 .comment       0x8004b2ca       0x26 globals.o
 .comment       0x8004b2f0       0x26 library.o
